[meta]
name,Mercury Overdrive;
color0,140,204,130,0;
color1,204,255,246,96;
length,414272;
[profile]
q,2047,1995,1844,2883;T,1,496,126,496,110,510,126,510,110,1;q,1844,2883,1276,3596;T,1,496,110,496,88,510,110,510,88,1;q,1276,3596,455,3991;T,1,496,88,496,72,510,88,510,72,1;q,455,3991,-455,3991;T,1,496,72,496,54,510,72,510,54,1;q,-455,3991,-1276,3596;T,1,496,54,496,38,510,54,510,38,1;q,-1276,3596,-1844,2883;T,1,496,38,496,20,510,38,510,20,1;q,-1844,2883,-2047,1995;T,1,496,20,496,0,510,20,510,0,1;q,-2047,1995,-1844,1107;T,1,480,126,480,110,494,126,494,110,1;q,-1844,1107,-1276,394;T,1,480,110,480,93,494,110,494,93,1;q,-1276,394,-455,0;T,1,480,93,480,76,494,93,494,76,1;q,-455,0,455,0;T,1,480,76,480,54,494,76,494,54,1;q,455,0,1276,394;T,1,480,54,480,34,494,54,494,34,1;q,1276,394,1844,1107;T,1,480,34,480,16,494,34,494,16,1;q,1844,1107,2047,1995;T,1,480,16,480,0,494,16,494,0,1;q,1844,2883,2047,1995;T,1,496,110,496,126,510,110,510,126,1;q,1276,3596,1844,2883;T,1,496,88,496,110,510,88,510,110,1;q,455,3991,1276,3596;T,1,496,72,496,88,510,72,510,88,1;q,-455,3991,455,3991;T,1,496,54,496,72,510,54,510,72,1;q,-1276,3596,-455,3991;T,1,496,38,496,54,510,38,510,54,1;q,-1844,2883,-1276,3596;T,1,496,20,496,38,510,20,510,38,1;q,-2047,1995,-1844,2883;T,1,496,0,496,20,510,0,510,20,1;q,-1844,1107,-2047,1995;T,1,480,110,480,126,494,110,494,126,1;q,-1276,394,-1844,1107;T,1,480,93,480,110,494,93,494,110,1;q,-455,0,-1276,394;T,1,480,76,480,93,494,76,494,93,1;q,455,0,-455,0;T,1,480,54,480,76,494,54,494,76,1;q,1276,394,455,0;T,1,480,34,480,54,494,34,494,54,1;q,1844,1107,1276,394;T,1,480,16,480,34,494,16,494,34,1;q,2047,1995,1844,1107;T,1,480,0,480,16,494,0,494,16,1;
[profile]
q,2047,1995,1844,2883;T,1,352,448,368,448,352,510,368,510,1;q,1844,2883,1276,3596;T,1,368,448,390,448,368,510,390,510,1;q,1276,3596,455,3991;T,1,390,448,406,448,390,510,406,510,1;q,455,3991,-455,3991;T,1,406,448,424,448,406,510,424,510,1;q,-455,3991,-1276,3596;T,1,424,448,440,448,424,510,440,510,1;q,-1276,3596,-1844,2883;T,1,440,448,458,448,440,510,458,510,1;q,-1844,2883,-2047,1995;T,1,458,448,478,448,458,510,478,510,1;q,-2047,1995,-1844,1107;T,1,352,384,368,384,352,446,368,446,1;q,-1844,1107,-1276,394;T,1,368,384,385,384,368,446,385,446,1;q,-1276,394,-455,0;T,1,385,384,402,384,385,446,402,446,1;q,-455,0,455,0;T,1,402,384,424,384,402,446,424,446,1;q,455,0,1276,394;T,1,424,384,444,384,424,446,444,446,1;q,1276,394,1844,1107;T,1,444,384,462,384,444,446,462,446,1;q,1844,1107,2047,1995;T,1,462,384,478,384,462,446,478,446,1;q,1844,2883,2047,1995;T,1,368,448,352,448,368,510,352,510,1;q,1276,3596,1844,2883;T,1,390,448,368,448,390,510,368,510,1;q,455,3991,1276,3596;T,1,406,448,390,448,406,510,390,510,1;q,-455,3991,455,3991;T,1,424,448,406,448,424,510,406,510,1;q,-1276,3596,-455,3991;T,1,440,448,424,448,440,510,424,510,1;q,-1844,2883,-1276,3596;T,1,458,448,440,448,458,510,440,510,1;q,-2047,1995,-1844,2883;T,1,478,448,458,448,478,510,458,510,1;q,-1844,1107,-2047,1995;T,1,368,384,352,384,368,446,352,446,1;q,-1276,394,-1844,1107;T,1,385,384,368,384,385,446,368,446,1;q,-455,0,-1276,394;T,1,402,384,385,384,402,446,385,446,1;q,455,0,-455,0;T,1,424,384,402,384,424,446,402,446,1;q,1276,394,455,0;T,1,444,384,424,384,444,446,424,446,1;q,1844,1107,1276,394;T,1,462,384,444,384,462,446,444,446,1;q,2047,1995,1844,1107;T,1,478,384,462,384,478,446,462,446,1;
[profile]
q,-2047,1995,-1844,1107;T,1,355,387,371,387,355,443,371,443,1;q,-1844,1107,-1276,394;T,1,480,510,480,482,510,510,510,482,1;q,-1276,394,-455,0;T,1,480,482,480,459,510,482,510,459,1;q,-455,0,455,0;T,1,480,459,480,436,510,459,510,436,1;q,455,0,1276,394;T,1,480,436,480,407,510,436,510,407,1;q,1276,394,1844,1107;T,1,480,407,480,384,510,407,510,384,1;q,1844,1107,2047,1995;T,1,459,387,475,387,459,443,475,443,1;q,-1844,1107,-2047,1995;T,1,371,387,355,387,371,443,355,443,1;q,-1276,394,-1844,1107;T,1,480,482,480,510,510,482,510,510,1;q,-455,0,-1276,394;T,1,480,459,480,482,510,459,510,482,1;q,455,0,-455,0;T,1,480,436,480,459,510,436,510,459,1;q,1276,394,455,0;T,1,480,407,480,436,510,407,510,436,1;q,1844,1107,1276,394;T,1,480,384,480,407,510,384,510,407,1;q,2047,1995,1844,1107;T,1,475,387,459,387,475,443,459,443,1;
[profile]
q,-1844,1107,-1276,394;T,1,352,384,381,384,352,446,381,446,1;q,-1276,394,-455,0;T,1,381,384,404,384,381,446,404,446,1;q,-455,0,455,0;T,1,404,384,426,384,404,446,426,446,1;q,455,0,1276,394;T,1,426,384,454,384,426,446,454,446,1;q,1276,394,1844,1107;T,1,454,384,478,384,454,446,478,446,1;q,-1276,394,-1844,1107;T,1,381,384,352,384,381,446,352,446,1;q,-455,0,-1276,394;T,1,404,384,381,384,404,446,381,446,1;q,455,0,-455,0;T,1,426,384,404,384,426,446,404,446,1;q,1276,394,455,0;T,1,454,384,426,384,454,446,426,446,1;q,1844,1107,1276,394;T,1,478,384,454,384,478,446,454,446,1;
[profile]
q,-2047,1995,-1844,1107;T,1,352,384,369,384,352,446,369,446,1;q,-1844,1107,-1276,394;T,1,369,384,390,384,369,446,390,446,1;q,-1276,394,-455,0;T,1,390,384,407,384,390,446,407,446,1;q,-455,0,455,0;T,1,407,384,424,384,407,446,424,446,1;q,455,0,1276,394;T,1,424,384,444,384,424,446,444,446,1;q,1276,394,1844,1107;T,1,444,384,462,384,444,446,462,446,1;q,1844,1107,2047,1995;T,1,462,384,478,384,462,446,478,446,1;q,-1844,1107,-2047,1995;T,1,369,384,352,384,369,446,352,446,1;q,-1276,394,-1844,1107;T,1,390,384,369,384,390,446,369,446,1;q,-455,0,-1276,394;T,1,407,384,390,384,407,446,390,446,1;q,455,0,-455,0;T,1,424,384,407,384,424,446,407,446,1;q,1276,394,455,0;T,1,444,384,424,384,444,446,424,446,1;q,1844,1107,1276,394;T,1,462,384,444,384,462,446,444,446,1;q,2047,1995,1844,1107;T,1,478,384,462,384,478,446,462,446,1;
[profile]
q,-1844,2883,-2047,1995;T,1,510,110,510,126,496,110,496,126,1;q,-1276,3596,-1844,2883;T,1,510,88,510,110,496,88,496,110,1;q,-455,3991,-1276,3596;T,1,510,72,510,88,496,72,496,88,1;q,455,3991,-455,3991;T,1,510,54,510,72,496,54,496,72,1;q,1276,3596,455,3991;T,1,510,38,510,54,496,38,496,54,1;q,1844,2883,1276,3596;T,1,510,20,510,38,496,20,496,38,1;q,2047,1995,1844,2883;T,1,510,1,510,20,496,1,496,20,1;q,1844,1107,2047,1995;T,1,494,110,494,126,480,110,480,126,1;q,1276,394,1844,1107;T,1,494,93,494,110,480,93,480,110,1;q,455,0,1276,394;T,1,494,76,494,93,480,76,480,93,1;q,-455,0,455,0;T,1,494,54,494,76,480,54,480,76,1;q,-1276,394,-455,0;T,1,494,34,494,54,480,34,480,54,1;q,-1844,1107,-1276,394;T,1,494,16,494,34,480,16,480,34,1;q,-2047,1995,-1844,1107;T,1,494,1,494,16,480,1,480,16,1;q,-2047,1995,-1844,2883;T,1,510,126,510,110,496,126,496,110,1;q,-1844,2883,-1276,3596;T,1,510,110,510,88,496,110,496,88,1;q,-1276,3596,-455,3991;T,1,510,88,510,72,496,88,496,72,1;q,-455,3991,455,3991;T,1,510,72,510,54,496,72,496,54,1;q,455,3991,1276,3596;T,1,510,54,510,38,496,54,496,38,1;q,1276,3596,1844,2883;T,1,510,38,510,20,496,38,496,20,1;q,1844,2883,2047,1995;T,1,510,20,510,1,496,20,496,1,1;q,2047,1995,1844,1107;T,1,494,126,494,110,480,126,480,110,1;q,1844,1107,1276,394;T,1,494,110,494,93,480,110,480,93,1;q,1276,394,455,0;T,1,494,93,494,76,480,93,480,76,1;q,455,0,-455,0;T,1,494,76,494,54,480,76,480,54,1;q,-455,0,-1276,394;T,1,494,54,494,34,480,54,480,34,1;q,-1276,394,-1844,1107;T,1,494,34,494,16,480,34,480,16,1;q,-1844,1107,-2047,1995;T,1,494,16,494,1,480,16,480,1,1;
[handles]
28,119097,-80481,2034,3348,1192,3227,-1012,-2309,1000,1000,1,180,180,0;
4735,117620,-83716,1865,3319,1509,3345,-1057,-2114,1000,1000,1,180,180,1;
6549,117047,-84607,1768,3308,1643,3748,-1184,-1152,1000,1000,4,180,180,1;
13569,114816,-86415,1231,3282,2118,3891,-1184,-480,1000,1000,4,180,180,1;
21191,112601,-85904,474,3324,2345,3878,-1151,639,1000,1000,4,180,180,1;
27990,110546,-83823,328,3551,2013,3435,-1327,1791,1000,1000,4,180,180,1;
32315,107816,-79178,-963,3548,1805,1615,-1695,3359,1000,1000,4,90,90,2;
32063,104995,-72307,-1930,3412,1185,-167,-1530,3795,1000,1000,4,90,90,2;
33161,102087,-65344,-1544,3193,2047,910,-1565,3673,1000,1000,4,90,90,2;
35996,99325,-58957,-1746,3179,1903,1103,-1519,3639,1000,1000,4,90,90,3;
33918,97058,-52642,-1811,3484,-1165,-2240,-1168,3224,1000,1000,4,90,90,3;
25914,95597,-49609,-634,3717,-1598,-4000,-640,600,1000,1000,4,90,90,3;
18542,93810,-53758,-58,3863,-1358,-3289,-831,-2294,1000,1000,4,67,67,3;
12702,92257,-56294,-1092,3822,-984,-3840,-1072,-936,1000,1000,4,67,67,3;
5757,89997,-52064,-767,3960,708,-3208,-1086,2301,1000,1000,4,67,67,3;
-1375,87473,-49194,-1410,3800,586,-3714,-1327,1103,1000,1000,4,67,67,3;
-9004,84854,-52204,-1408,3843,127,-3490,-1185,-1786,1000,1000,4,90,90,3;
-15992,82214,-54780,-1574,3467,1509,-3653,-1424,-1184,1000,1000,4,90,90,3;
-22145,79043,-51663,600,3336,2299,-3043,-1693,2156,1000,1000,4,90,90,3;
-23637,76365,-45078,2041,3541,250,-356,-1376,3841,1000,1000,4,180,180,1;
-20383,74962,-38757,2194,3430,-441,2195,-641,3397,1000,1000,4,180,180,1;
-18573,73537,-32993,2342,3262,804,1097,-960,3827,1000,1000,4,90,90,2;
-19116,71554,-26111,1569,3568,1257,-564,-1120,3899,1000,1000,4,90,90,2;
-16989,69227,-20605,1609,3750,-347,1516,-1520,3488,1000,1000,4,90,90,2;
-11930,67409,-20057,1187,3345,-2042,3921,-1184,12,1000,1000,4,90,90,3;
-7399,64721,-23379,-929,2771,-2869,2722,-1788,-2483,1000,1000,4,90,90,3;
-1887,62462,-25866,550,3156,-2551,3518,-1407,-1555,1000,1000,4,90,90,3;
3929,60734,-26942,540,3590,-1895,3924,-1072,-472,1000,1000,4,90,90,3;
6977,59367,-29324,57,3831,-1445,3088,-1360,-2321,1000,1000,4,67,67,3;
7268,57966,-34613,-122,4005,-848,53,-1008,-3969,1000,1000,4,67,67,3;
6396,56910,-39717,-221,4013,-786,-796,-784,-3940,1000,1000,4,67,67,3;
5610,55760,-44881,499,3932,-1032,-826,-783,-3934,1000,1000,4,67,67,3;
6973,53594,-50615,2214,3422,-396,654,-1336,-3816,1000,1000,4,67,67,3;
12015,50569,-53927,1982,3181,1651,3047,-1840,-2025,1000,1000,4,180,180,1;
17559,48288,-54384,928,3281,2268,3769,-1568,-328,1000,1000,4,180,180,1;
23705,46431,-53222,434,3518,2051,3862,-1167,703,1000,1000,4,180,180,1;
30233,44665,-51098,403,3755,1583,3789,-1007,1183,1000,1000,4,180,180,1;
36461,42900,-48219,445,3887,1212,3647,-1031,1551,1000,1000,4,180,180,1;
42734,41078,-43669,123,3923,1169,3290,-934,2252,1000,1000,4,90,90,4;
48324,39223,-37819,-406,3787,1505,2737,-944,2897,1000,1000,4,67,67,3;
53521,37945,-32778,-744,3686,1622,2939,-703,2764,1000,1000,4,67,67,3;
58029,36609,-27449,-1259,3480,1755,2812,-671,2900,1000,1000,4,67,67,3;
59661,34508,-21172,-2432,3167,908,1431,-1215,3639,1000,1000,4,90,90,4;
57227,32466,-14636,-2561,3053,-944,-968,-1200,3794,1000,1000,4,90,90,4;
52226,31181,-10036,-2012,2638,-2400,-2602,-660,3093,1000,1000,4,90,90,4;
44223,28263,-7525,-1562,2610,-2743,-3603,-1265,1481,1000,1000,4,90,90,4;
37504,25459,-8223,600,2945,-2782,-3796,-1505,313,1000,1000,4,90,90,4;
34648,23547,-14941,2047,3354,-1152,-2254,-1183,-3208,1000,1000,4,90,90,4;
35546,21930,-22357,1645,3746,-170,0,-951,-3983,1000,1000,4,90,90,4;
38152,20689,-30283,58,4054,-581,1136,-656,-3880,1000,1000,4,67,67,3;
40373,19566,-37755,-321,4021,-707,1248,-576,-3858,1000,1000,4,67,67,3;
40886,18556,-43493,-374,4009,-750,848,-648,-3954,1000,1000,4,67,67,3;
37925,17189,-49724,-576,4021,-520,-1184,-792,-3840,1000,1000,4,67,67,3;
34389,15956,-54778,-337,4004,-794,-2288,-784,-3305,1000,1000,4,67,67,3;
33446,14164,-62736,779,3946,-769,-1087,-887,-3847,1000,1000,4,67,67,3;
34716,12635,-69846,929,3940,-619,199,-875,-3996,1000,1000,4,180,180,1;
37511,10659,-79146,978,3947,-487,995,-830,-3885,1000,1000,4,180,180,1;
40254,9166,-86235,996,3951,-414,1294,-802,-3802,1000,1000,1,180,180,5;
43815,7495,-94214,1006,3954,-351,1551,-779,-3709,1000,1000,4,180,180,5;
[mbacs]
city_level;
skybox;
ring;
heart;
duck;
star;
[thing]
C,deco;
t,0,0,0;
r,0,0,0;
s,4096,4096,4096;
B,0;
[thing]
C,deco;
t,0,0,0;
r,0,0,0;
s,4096,4096,4096;
B,1;
[thing]
C,ring;
B,2;

p,0.100525,148,164;
[thing]
C,ring;
B,2;

p,0.10523,157,149;
[thing]
C,ring;
B,2;

p,0.109818,172,162;
[thing]
C,ring;
B,2;

p,0.114384,160,153;
[thing]
C,ring;
B,2;

p,0.119012,159,149;
[thing]
C,ring;
B,2;

p,0.150783,23,112;
[thing]
C,ring;
B,2;

p,0.155303,-2,117;
[thing]
C,ring;
B,2;

p,0.159758,-1,106;
[thing]
C,ring;
B,2;

p,0.163752,19,159;
[thing]
C,ring;
B,2;

p,0.168772,37,136;
[thing]
C,ring;
B,2;

p,0.226989,28,102;
[thing]
C,ring;
B,2;

p,0.232345,9,116;
[thing]
C,ring;
B,2;

p,0.23788,-3,137;
[thing]
C,ring;
B,2;

p,0.243285,15,111;
[thing]
C,ring;
B,2;

p,0.248212,-12,119;
[thing]
C,ring;
B,2;

p,0.267787,169,151;
[thing]
C,ring;
B,2;

p,0.27309,148,158;
[thing]
C,ring;
B,2;

p,0.339637,-228,180;
[thing]
C,ring;
B,2;

p,0.344019,-136,126;
[thing]
C,ring;
B,2;

p,0.348566,-57,124;
[thing]
C,ring;
B,2;

p,0.353062,3,128;
[thing]
C,ring;
B,2;

p,0.35724,84,124;
[thing]
C,ring;
B,2;

p,0.477467,-2,115;
[thing]
C,ring;
B,2;

p,0.484415,-1,106;
[thing]
C,ring;
B,2;

p,0.491074,-4,114;
[thing]
C,ring;
B,2;

p,0.49738,-4,115;
[thing]
C,ring;
B,2;

p,0.503775,0,127;
[thing]
C,ring;
B,2;

p,0.549083,137,109;
[thing]
C,ring;
B,2;

p,0.552755,225,155;
[thing]
C,ring;
B,2;

p,0.556322,306,260;
[thing]
C,ring;
B,2;

p,0.545448,28,89;
[thing]
C,ring;
B,2;

p,0.541426,-86,101;
[thing]
C,heart;
B,3;

p,0.560254,363,418;
[thing]
C,ring;
B,2;

p,0.588662,-388,429;
[thing]
C,ring;
B,2;

p,0.590725,-364,521;
[thing]
C,ring;
B,2;

p,0.592956,-343,560;
[thing]
C,ring;
B,2;

p,0.595012,-363,545;
[thing]
C,ring;
B,2;

p,0.597175,-365,487;
[thing]
C,ring;
B,2;

p,0.671437,57,114;
[thing]
C,ring;
B,2;

p,0.675747,58,114;
[thing]
C,ring;
B,2;

p,0.680025,60,112;
[thing]
C,ring;
B,2;

p,0.684169,61,114;
[thing]
C,ring;
B,2;

p,0.688309,60,105;
[thing]
C,ring;
B,2;

p,0.718748,177,144;
[thing]
C,ring;
B,2;


p,0.722929,161,145;
[thing]
C,ring;
B,2;


p,0.726747,148,179;
[thing]
C,ring;
B,2;

p,0.731057,156,146;
[thing]
C,ring;
B,2;

p,0.73557,188,135;
[thing]
C,ring;
B,2;

p,0.832474,107,135;
[thing]
C,ring;
B,2;

p,0.812091,-301,277;
[thing]
C,ring;
B,2;

p,0.817039,-248,214;
[thing]
C,ring;
B,2;

p,0.82222,-84,128;
[thing]
C,ring;
B,2;

p,0.827399,49,124;
[thing]
C,ring;
B,2;

p,0.884794,88,120;
[thing]
C,ring;
B,2;

p,0.878497,83,122;
[thing]
C,ring;
B,2;

p,0.876283,95,124;
[thing]
C,ring;
B,2;

p,0.880628,83,114;
[thing]
C,ring;
B,2;

p,0.882754,88,115;
[thing]
C,duck;
B,4;

p,0.132968,-137,94;
[thing]
C,duck;
B,4;

p,0.364967,318,250;
[thing]
C,duck;
B,4;

p,0.449353,-238,156;
[thing]
C,duck;
B,4;

p,0.575827,44,74;
[thing]
C,duck;
B,4;

p,0.714319,-165,106;
[thing]
C,duck;
B,4;

p,0.964799,32,93;
[thing]
C,star;
B,5;

p,0.190147,271,227;
[thing]
C,ring;
B,2;

p,0.278511,201,160;
[thing]
C,ring;
B,2;

p,0.283698,186,174;
[thing]
C,duck;
B,4;

p,0.214894,-148,93;
[thing]
C,duck;
B,4;

p,0.258212,128,101;
[thing]
C,duck;
B,4;

p,0.253329,-142,77;
[thing]
C,ring;
B,2;

p,0.288795,163,155;
