[meta]
name,Mercury Overdrive;
color0,140,204,130,0;
color1,204,255,246,96;
length,338705;
[profile]
q,2047,1995,1844,2883;T,1,496,126,496,110,510,126,510,110,1;q,1844,2883,1276,3596;T,1,496,110,496,88,510,110,510,88,1;q,1276,3596,455,3991;T,1,496,88,496,72,510,88,510,72,1;q,455,3991,-455,3991;T,1,496,72,496,54,510,72,510,54,1;q,-455,3991,-1276,3596;T,1,496,54,496,38,510,54,510,38,1;q,-1276,3596,-1844,2883;T,1,496,38,496,20,510,38,510,20,1;q,-1844,2883,-2047,1995;T,1,496,20,496,0,510,20,510,0,1;q,-2047,1995,-1844,1107;T,1,480,126,480,110,494,126,494,110,1;q,-1844,1107,-1276,394;T,1,480,110,480,93,494,110,494,93,1;q,-1276,394,-455,0;T,1,480,93,480,76,494,93,494,76,1;q,-455,0,455,0;T,1,480,76,480,54,494,76,494,54,1;q,455,0,1276,394;T,1,480,54,480,34,494,54,494,34,1;q,1276,394,1844,1107;T,1,480,34,480,16,494,34,494,16,1;q,1844,1107,2047,1995;T,1,480,16,480,0,494,16,494,0,1;q,1844,2883,2047,1995;T,1,496,110,496,126,510,110,510,126,1;q,1276,3596,1844,2883;T,1,496,88,496,110,510,88,510,110,1;q,455,3991,1276,3596;T,1,496,72,496,88,510,72,510,88,1;q,-455,3991,455,3991;T,1,496,54,496,72,510,54,510,72,1;q,-1276,3596,-455,3991;T,1,496,38,496,54,510,38,510,54,1;q,-1844,2883,-1276,3596;T,1,496,20,496,38,510,20,510,38,1;q,-2047,1995,-1844,2883;T,1,496,0,496,20,510,0,510,20,1;q,-1844,1107,-2047,1995;T,1,480,110,480,126,494,110,494,126,1;q,-1276,394,-1844,1107;T,1,480,93,480,110,494,93,494,110,1;q,-455,0,-1276,394;T,1,480,76,480,93,494,76,494,93,1;q,455,0,-455,0;T,1,480,54,480,76,494,54,494,76,1;q,1276,394,455,0;T,1,480,34,480,54,494,34,494,54,1;q,1844,1107,1276,394;T,1,480,16,480,34,494,16,494,34,1;q,2047,1995,1844,1107;T,1,480,0,480,16,494,0,494,16,1;
[profile]
q,2047,1995,1844,2883;T,1,352,448,368,448,352,510,368,510,1;q,1844,2883,1276,3596;T,1,368,448,390,448,368,510,390,510,1;q,1276,3596,455,3991;T,1,390,448,406,448,390,510,406,510,1;q,455,3991,-455,3991;T,1,406,448,424,448,406,510,424,510,1;q,-455,3991,-1276,3596;T,1,424,448,440,448,424,510,440,510,1;q,-1276,3596,-1844,2883;T,1,440,448,458,448,440,510,458,510,1;q,-1844,2883,-2047,1995;T,1,458,448,478,448,458,510,478,510,1;q,-2047,1995,-1844,1107;T,1,352,384,368,384,352,446,368,446,1;q,-1844,1107,-1276,394;T,1,368,384,385,384,368,446,385,446,1;q,-1276,394,-455,0;T,1,385,384,402,384,385,446,402,446,1;q,-455,0,455,0;T,1,402,384,424,384,402,446,424,446,1;q,455,0,1276,394;T,1,424,384,444,384,424,446,444,446,1;q,1276,394,1844,1107;T,1,444,384,462,384,444,446,462,446,1;q,1844,1107,2047,1995;T,1,462,384,478,384,462,446,478,446,1;q,1844,2883,2047,1995;T,1,368,448,352,448,368,510,352,510,1;q,1276,3596,1844,2883;T,1,390,448,368,448,390,510,368,510,1;q,455,3991,1276,3596;T,1,406,448,390,448,406,510,390,510,1;q,-455,3991,455,3991;T,1,424,448,406,448,424,510,406,510,1;q,-1276,3596,-455,3991;T,1,440,448,424,448,440,510,424,510,1;q,-1844,2883,-1276,3596;T,1,458,448,440,448,458,510,440,510,1;q,-2047,1995,-1844,2883;T,1,478,448,458,448,478,510,458,510,1;q,-1844,1107,-2047,1995;T,1,368,384,352,384,368,446,352,446,1;q,-1276,394,-1844,1107;T,1,385,384,368,384,385,446,368,446,1;q,-455,0,-1276,394;T,1,402,384,385,384,402,446,385,446,1;q,455,0,-455,0;T,1,424,384,402,384,424,446,402,446,1;q,1276,394,455,0;T,1,444,384,424,384,444,446,424,446,1;q,1844,1107,1276,394;T,1,462,384,444,384,462,446,444,446,1;q,2047,1995,1844,1107;T,1,478,384,462,384,478,446,462,446,1;
[profile]
q,-2047,1995,-1844,1107;T,1,352,384,369,384,352,446,369,446,1;q,-1844,1107,-1276,394;T,1,369,384,390,384,369,446,390,446,1;q,-1276,394,-455,0;T,1,390,384,407,384,390,446,407,446,1;q,-455,0,455,0;T,1,407,384,424,384,407,446,424,446,1;q,455,0,1276,394;T,1,424,384,444,384,424,446,444,446,1;q,1276,394,1844,1107;T,1,444,384,462,384,444,446,462,446,1;q,1844,1107,2047,1995;T,1,462,384,478,384,462,446,478,446,1;q,-1844,1107,-2047,1995;T,1,369,384,352,384,369,446,352,446,1;q,-1276,394,-1844,1107;T,1,390,384,369,384,390,446,369,446,1;q,-455,0,-1276,394;T,1,407,384,390,384,407,446,390,446,1;q,455,0,-455,0;T,1,424,384,407,384,424,446,407,446,1;q,1276,394,455,0;T,1,444,384,424,384,444,446,424,446,1;q,1844,1107,1276,394;T,1,462,384,444,384,462,446,444,446,1;q,2047,1995,1844,1107;T,1,478,384,462,384,478,446,462,446,1;
[profile]
q,2047,1995,1844,2883;T,1,352,448,369,448,352,510,369,510,1;q,1844,2883,1276,3596;T,1,369,448,391,448,369,510,391,510,1;q,-2047,1995,-1844,1107;T,1,352,384,368,384,352,446,368,446,1;q,-1844,1107,-1276,394;T,1,368,384,386,384,368,446,386,446,1;q,-1276,394,-455,0;T,1,386,384,402,384,386,446,402,446,1;q,-455,0,455,0;T,1,402,384,424,384,402,446,424,446,1;q,455,0,1276,394;T,1,424,384,440,384,424,446,440,446,1;q,1276,394,1844,1107;T,1,440,384,462,384,440,446,462,446,1;q,1844,1107,2047,1995;T,1,462,384,478,384,462,446,478,446,1;q,1844,2883,2047,1995;T,1,369,448,352,448,369,510,352,510,1;q,1276,3596,1844,2883;T,1,391,448,369,448,391,510,369,510,1;q,-1844,1107,-2047,1995;T,1,368,384,352,384,368,446,352,446,1;q,-1276,394,-1844,1107;T,1,386,384,368,384,386,446,368,446,1;q,-455,0,-1276,394;T,1,402,384,386,384,402,446,386,446,1;q,455,0,-455,0;T,1,424,384,402,384,424,446,402,446,1;q,1276,394,455,0;T,1,440,384,424,384,440,446,424,446,1;q,1844,1107,1276,394;T,1,462,384,440,384,462,446,440,446,1;q,2047,1995,1844,1107;T,1,478,384,462,384,478,446,462,446,1;
[profile]
q,-1276,3596,-1844,2883;T,1,439,448,461,448,439,510,461,510,1;q,-1844,2883,-2047,1995;T,1,461,448,478,448,461,510,478,510,1;q,-2047,1995,-1844,1107;T,1,352,384,369,384,352,446,369,446,1;q,-1844,1107,-1276,394;T,1,369,384,386,384,369,446,386,446,1;q,-1276,394,-455,0;T,1,386,384,407,384,386,446,407,446,1;q,-455,0,455,0;T,1,407,384,422,384,407,446,422,446,1;q,455,0,1276,394;T,1,422,384,444,384,422,446,444,446,1;q,1276,394,1844,1107;T,1,444,384,461,384,444,446,461,446,1;q,1844,1107,2047,1995;T,1,461,384,478,384,461,446,478,446,1;q,-1844,2883,-1276,3596;T,1,461,448,439,448,461,510,439,510,1;q,-2047,1995,-1844,2883;T,1,478,448,461,448,478,510,461,510,1;q,-1844,1107,-2047,1995;T,1,369,384,352,384,369,446,352,446,1;q,-1276,394,-1844,1107;T,1,386,384,369,384,386,446,369,446,1;q,-455,0,-1276,394;T,1,407,384,386,384,407,446,386,446,1;q,455,0,-455,0;T,1,422,384,407,384,422,446,407,446,1;q,1276,394,455,0;T,1,444,384,422,384,444,446,422,446,1;q,1844,1107,1276,394;T,1,461,384,444,384,461,446,444,446,1;q,2047,1995,1844,1107;T,1,478,384,461,384,478,446,461,446,1;
[profile]
q,2047,1995,1844,2883;T,1,510,384,510,401,480,384,480,401,1;q,1844,2883,1276,3596;T,1,510,401,510,422,480,401,480,422,1;q,1276,3596,455,3991;T,1,510,422,510,439,480,422,480,439,1;q,455,3991,-455,3991;T,1,510,439,510,456,480,439,480,456,1;q,-455,3991,-1276,3596;T,1,510,456,510,472,480,456,480,472,1;q,-1276,3596,-1844,2883;T,1,510,472,510,489,480,472,480,489,1;q,-1844,2883,-2047,1995;T,1,510,489,510,510,480,489,480,510,1;q,-2047,1995,-1844,1107;T,1,352,384,368,384,352,446,368,446,1;q,-1844,1107,-1276,394;T,1,368,384,386,384,368,446,386,446,1;q,-1276,394,-455,0;T,1,386,384,402,384,386,446,402,446,1;q,-455,0,455,0;T,1,402,384,424,384,402,446,424,446,1;q,455,0,1276,394;T,1,424,384,444,384,424,446,444,446,1;q,1276,394,1844,1107;T,1,444,384,461,384,444,446,461,446,1;q,1844,1107,2047,1995;T,1,461,384,478,384,461,446,478,446,1;q,1844,2883,2047,1995;T,1,510,401,510,384,480,401,480,384,1;q,1276,3596,1844,2883;T,1,510,422,510,401,480,422,480,401,1;q,455,3991,1276,3596;T,1,510,439,510,422,480,439,480,422,1;q,-455,3991,455,3991;T,1,510,456,510,439,480,456,480,439,1;q,-1276,3596,-455,3991;T,1,510,472,510,456,480,472,480,456,1;q,-1844,2883,-1276,3596;T,1,510,489,510,472,480,489,480,472,1;q,-2047,1995,-1844,2883;T,1,510,510,510,489,480,510,480,489,1;q,-1844,1107,-2047,1995;T,1,368,384,352,384,368,446,352,446,1;q,-1276,394,-1844,1107;T,1,386,384,368,384,386,446,368,446,1;q,-455,0,-1276,394;T,1,402,384,386,384,402,446,386,446,1;q,455,0,-455,0;T,1,424,384,402,384,424,446,402,446,1;q,1276,394,455,0;T,1,444,384,424,384,444,446,424,446,1;q,1844,1107,1276,394;T,1,461,384,444,384,461,446,444,446,1;q,2047,1995,1844,1107;T,1,478,384,461,384,478,446,461,446,1;
[profile]
q,-1844,2883,-2047,1995;T,1,510,110,510,126,496,110,496,126,1;q,-1276,3596,-1844,2883;T,1,510,88,510,110,496,88,496,110,1;q,-455,3991,-1276,3596;T,1,510,72,510,88,496,72,496,88,1;q,455,3991,-455,3991;T,1,510,54,510,72,496,54,496,72,1;q,1276,3596,455,3991;T,1,510,38,510,54,496,38,496,54,1;q,1844,2883,1276,3596;T,1,510,20,510,38,496,20,496,38,1;q,2047,1995,1844,2883;T,1,510,0,510,20,496,0,496,20,1;q,1844,1107,2047,1995;T,1,494,110,494,126,480,110,480,126,1;q,1276,394,1844,1107;T,1,494,93,494,110,480,93,480,110,1;q,455,0,1276,394;T,1,494,76,494,93,480,76,480,93,1;q,-455,0,455,0;T,1,494,54,494,76,480,54,480,76,1;q,-1276,394,-455,0;T,1,494,34,494,54,480,34,480,54,1;q,-1844,1107,-1276,394;T,1,494,16,494,34,480,16,480,34,1;q,-2047,1995,-1844,1107;T,1,494,0,494,16,480,0,480,16,1;q,-2047,1995,-1844,2883;T,1,510,126,510,110,496,126,496,110,1;q,-1844,2883,-1276,3596;T,1,510,110,510,88,496,110,496,88,1;q,-1276,3596,-455,3991;T,1,510,88,510,72,496,88,496,72,1;q,-455,3991,455,3991;T,1,510,72,510,54,496,72,496,54,1;q,455,3991,1276,3596;T,1,510,54,510,38,496,54,496,38,1;q,1276,3596,1844,2883;T,1,510,38,510,20,496,38,496,20,1;q,1844,2883,2047,1995;T,1,510,20,510,0,496,20,496,0,1;q,2047,1995,1844,1107;T,1,494,126,494,110,480,126,480,110,1;q,1844,1107,1276,394;T,1,494,110,494,93,480,110,480,93,1;q,1276,394,455,0;T,1,494,93,494,76,480,93,480,76,1;q,455,0,-455,0;T,1,494,76,494,54,480,76,480,54,1;q,-455,0,-1276,394;T,1,494,54,494,34,480,54,480,34,1;q,-1276,394,-1844,1107;T,1,494,34,494,16,480,34,480,16,1;q,-1844,1107,-2047,1995;T,1,494,16,494,0,480,16,480,0,1;
[handles]
43131,109920,-2859,-3111,2587,631,-2689,-2927,-986,1000,1000,1,180,180,0;
42129,108813,-3354,-3112,2651,243,-2533,-2821,-1549,1000,1000,1,180,180,1;
41090,107635,-4119,-3000,2778,-230,-2144,-2528,-2406,1000,1000,4,90,90,2;
38791,104859,-7244,-2453,3185,-779,-1639,-2095,-3114,1000,1000,4,90,90,2;
37112,102476,-12502,-1968,3493,-834,-695,-1391,-3788,1000,1000,4,90,90,2;
37338,101137,-17849,-1696,3598,-974,199,-863,-3998,1000,1000,4,90,141,3;
37178,99687,-25008,-1966,3592,65,-672,-800,-3960,1000,1000,4,90,141,3;
33562,98849,-28780,-1396,3645,1239,-3359,-543,-2279,1000,1000,4,90,141,3;
27130,97967,-31660,-949,3585,1737,-3881,-544,-1188,1000,1000,4,90,141,3;
19657,96482,-31296,1,3098,2678,-3955,-832,664,1000,1000,4,90,141,3;
12318,94738,-28085,1093,2910,2666,-3475,-895,1974,1000,1000,4,90,141,3;
8205,93200,-22690,2180,3063,1625,-1994,-864,3471,1000,1000,4,90,141,3;
6194,91804,-15373,2636,3021,835,-750,-704,3964,1000,1000,4,90,141,3;
7452,90398,-8698,2523,3015,-1146,1208,-831,3824,1000,1000,4,90,141,3;
14092,89247,-3981,1452,3124,-2215,3524,-512,2023,1000,1000,4,90,141,3;
22335,88131,-1397,834,3227,-2379,3931,-511,1029,1000,1000,4,90,141,3;
29157,86534,-3205,-737,3358,-2226,3738,-943,-1381,1000,1000,4,90,141,3;
34009,84759,-9105,-1176,3549,-1672,2300,-896,-3268,1000,1000,4,90,90,2;
36450,82899,-15093,-1327,3572,-1501,1367,-1151,-3685,1000,1000,4,90,90,2;
37661,79541,-25524,-1784,3495,-1171,384,-1248,-3882,1000,1000,4,90,90,2;
37550,76594,-34808,-1679,3586,-1046,-127,-1246,-3899,1000,1000,4,90,90,2;
37313,74569,-41551,-1673,3607,-982,-127,-1183,-3919,1000,1000,4,90,90,2;
36689,72919,-47372,-2090,3491,-463,-248,-1089,-3940,1000,1000,4,90,141,3;
33514,71371,-51848,-1762,3431,1375,-2197,-1150,-3259,1000,1000,4,90,141,3;
27436,70412,-54005,-857,3403,2111,-3816,-576,-1369,1000,1000,4,180,180,1;
17068,69428,-54979,-227,3570,1994,-4054,-351,-463,1000,1000,4,180,180,1;
10485,68562,-53087,230,3844,1394,-3980,-479,839,1000,1000,4,180,180,1;
8142,67526,-47016,640,4005,565,-1680,-672,3674,1000,1000,4,90,90,2;
8242,66116,-35313,-241,4056,512,89,-480,4066,1000,1000,4,90,90,2;
7829,65357,-29945,-914,3964,469,21,-511,4063,1000,1000,4,141,90,4;
4675,64222,-25360,-1287,3812,-765,-1800,-800,3590,1000,1000,4,141,90,4;
-2336,62993,-23338,-780,3509,-1961,-3811,-688,1332,1000,1000,4,180,180,1;
-9577,61849,-23292,-246,3134,-2624,-4039,-591,327,1000,1000,4,180,180,1;
-17261,60070,-25934,1212,2932,-2589,-3926,-815,-835,1000,1000,4,180,180,1;
-20660,58192,-32775,2291,3133,-1307,-2365,-992,-3193,1000,1000,4,141,90,2;
-21253,55855,-43860,2300,3377,-270,-719,-815,-3949,1000,1000,4,141,90,4;
-14715,53455,-51490,1304,3582,1498,2008,-976,-3433,1000,1000,4,180,180,5;
-6965,52160,-53595,829,3756,1406,3681,-751,-1630,1000,1000,4,180,180,5;
1650,50980,-54889,659,3702,1623,3986,-576,-744,1000,1000,4,180,180,5;
11440,49758,-55598,506,3702,1677,4043,-512,-408,1000,1000,4,180,180,5;
21503,48538,-55427,358,3843,1369,4064,-496,-96,1000,1000,4,141,90,4;
29407,47504,-53718,-107,3869,1338,4047,-511,367,1000,1000,4,141,90,4;
35177,46825,-46719,-1183,3892,478,3311,-407,2375,1000,1000,4,141,90,4;
36413,46616,-37684,-1327,3869,196,1472,-184,3817,1000,1000,1,90,90,6;
37295,46001,-25893,-1520,3789,327,407,-159,4072,1000,1000,4,90,90,6;
[mbacs]
city_level;
ring;
heart;
skybox;
[thing]
C,deco;
t,0,0,0;
r,0,0,0;
s,4096,4096,4096;
B,0;
[thing]
C,ring;
B,1;

p,0.0583804,249,214;
[thing]
C,ring;
B,1;

p,0.0633449,243,178;
[thing]
C,ring;
B,1;

p,0.0693027,257,206;
[thing]
C,ring;
B,1;

p,0.0749506,229,257;
[thing]
C,ring;
B,1;

p,0.0799098,245,217;
[thing]
C,ring;
B,1;

p,0.0839608,231,226;
[thing]
C,ring;
B,1;

p,0.0877655,234,204;
[thing]
C,ring;
B,1;

p,0.122497,-121,116;
[thing]
C,ring;
B,1;

p,0.128069,-169,161;
[thing]
C,ring;
B,1;

p,0.133855,-261,214;
[thing]
C,ring;
B,1;

p,0.139828,-372,362;
[thing]
C,ring;
B,1;

p,0.196294,79,127;
[thing]
C,ring;
B,1;

p,0.207865,108,139;
[thing]
C,ring;
B,1;

p,0.218375,76,144;
[thing]
C,ring;
B,1;

p,0.228716,-20,135;
[thing]
C,ring;
B,1;


p,0.240405,-6,126;
[thing]
C,ring;
B,1;

p,0.308592,-161,182;
[thing]
C,ring;
B,1;

p,0.310996,-180,174;
[thing]
C,ring;
B,1;

p,0.313356,-192,152;
[thing]
C,ring;
B,1;

p,0.337985,167,162;
[thing]
C,ring;
B,1;

p,0.340857,185,166;
[thing]
C,ring;
B,1;

p,0.343751,167,161;
[thing]
C,ring;
B,1;

p,0.391827,-234,185;
[thing]
C,ring;
B,1;

p,0.39796,-185,158;
[thing]
C,ring;
B,1;

p,0.40324,-72,132;
[thing]
C,ring;
B,1;

p,0.408142,76,149;
[thing]
C,ring;
B,1;

p,0.413172,261,191;
[thing]
C,ring;
B,1;

p,0.481114,40,113;
[thing]
C,ring;
B,1;

p,0.488259,-158,118;
[thing]
C,ring;
B,1;

p,0.49658,-266,214;
[thing]
C,ring;
B,1;

p,0.505072,-331,321;
[thing]
C,ring;
B,1;

p,0.51216,-396,529;
[thing]
C,ring;
B,1;

p,0.607877,206,180;
[thing]
C,ring;
B,1;

p,0.612261,197,220;
[thing]
C,ring;
B,1;

p,0.616776,173,276;
[thing]
C,ring;
B,1;

p,0.664568,255,238;
[thing]
C,ring;
B,1;

p,0.671155,209,209;
[thing]
C,ring;
B,1;

p,0.67735,165,225;
[thing]
C,ring;
B,1;

p,0.683758,180,213;
[thing]
C,ring;
B,1;

p,0.79051,-3,129;
[thing]
C,ring;
B,1;

p,0.79644,33,103;
[thing]
C,ring;
B,1;

p,0.802636,20,137;
[thing]
C,ring;
B,1;

p,0.918626,348,325;
[thing]
C,ring;
B,1;

p,0.925062,350,324;
[thing]
C,ring;
B,1;

p,0.932378,310,276;
[thing]
C,ring;
B,1;

p,0.939219,194,244;
[thing]
C,ring;
B,1;

p,0.945692,101,151;
[thing]
C,heart;
B,2;

p,0.86399,394,442;
[thing]
C,ring;
B,1;

p,0.091471,249,222;
[thing]
C,ring;
B,1;

p,0.0957205,255,211;
[thing]
C,ring;
B,1;

p,0.100586,247,229;
[thing]
C,ring;
B,1;

p,0.116804,-25,108;
[thing]
C,ring;
B,1;

p,0.306202,-181,162;
[thing]
C,ring;
B,1;

p,0.303275,-141,205;
[thing]
C,ring;
B,1;

p,0.347329,178,175;
[thing]
C,ring;
B,1;

p,0.351002,156,172;
[thing]
C,ring;
B,1;


p,0.603525,233,199;
[thing]
C,ring;
B,1;

p,0.62098,188,302;
[thing]
C,ring;
B,1;

p,0.688957,203,177;
[thing]
C,ring;
B,1;

p,0.808479,16,115;
[thing]
C,ring;
B,1;

p,0.814459,22,97;
[thing]
C,deco;
t,790,-843,-27808;
r,0,0,0;
s,4096,4096,4096;
B,3;
