[meta]
name,Mercury Overdrive;
color0,140,204,130,0;
color1,204,255,246,96;
length,476319;
[profile]
q,2047,1995,1844,2883;T,1,496,126,496,110,510,126,510,110,1;q,1844,2883,1276,3596;T,1,496,110,496,88,510,110,510,88,1;q,1276,3596,455,3991;T,1,496,88,496,72,510,88,510,72,1;q,455,3991,-455,3991;T,1,496,72,496,54,510,72,510,54,1;q,-455,3991,-1276,3596;T,1,496,54,496,38,510,54,510,38,1;q,-1276,3596,-1844,2883;T,1,496,38,496,20,510,38,510,20,1;q,-1844,2883,-2047,1995;T,1,496,20,496,0,510,20,510,0,1;q,-2047,1995,-1844,1107;T,1,480,126,480,110,494,126,494,110,1;q,-1844,1107,-1276,394;T,1,480,110,480,93,494,110,494,93,1;q,-1276,394,-455,0;T,1,480,93,480,76,494,93,494,76,1;q,-455,0,455,0;T,1,480,76,480,54,494,76,494,54,1;q,455,0,1276,394;T,1,480,54,480,34,494,54,494,34,1;q,1276,394,1844,1107;T,1,480,34,480,16,494,34,494,16,1;q,1844,1107,2047,1995;T,1,480,16,480,0,494,16,494,0,1;q,1844,2883,2047,1995;T,1,496,110,496,126,510,110,510,126,1;q,1276,3596,1844,2883;T,1,496,88,496,110,510,88,510,110,1;q,455,3991,1276,3596;T,1,496,72,496,88,510,72,510,88,1;q,-455,3991,455,3991;T,1,496,54,496,72,510,54,510,72,1;q,-1276,3596,-455,3991;T,1,496,38,496,54,510,38,510,54,1;q,-1844,2883,-1276,3596;T,1,496,20,496,38,510,20,510,38,1;q,-2047,1995,-1844,2883;T,1,496,0,496,20,510,0,510,20,1;q,-1844,1107,-2047,1995;T,1,480,110,480,126,494,110,494,126,1;q,-1276,394,-1844,1107;T,1,480,93,480,110,494,93,494,110,1;q,-455,0,-1276,394;T,1,480,76,480,93,494,76,494,93,1;q,455,0,-455,0;T,1,480,54,480,76,494,54,494,76,1;q,1276,394,455,0;T,1,480,34,480,54,494,34,494,54,1;q,1844,1107,1276,394;T,1,480,16,480,34,494,16,494,34,1;q,2047,1995,1844,1107;T,1,480,0,480,16,494,0,494,16,1;
[profile]
q,2047,1995,1844,2883;T,1,352,448,368,448,352,510,368,510,1;q,1844,2883,1276,3596;T,1,368,448,390,448,368,510,390,510,1;q,1276,3596,455,3991;T,1,390,448,406,448,390,510,406,510,1;q,455,3991,-455,3991;T,1,406,448,424,448,406,510,424,510,1;q,-455,3991,-1276,3596;T,1,424,448,440,448,424,510,440,510,1;q,-1276,3596,-1844,2883;T,1,440,448,458,448,440,510,458,510,1;q,-1844,2883,-2047,1995;T,1,458,448,478,448,458,510,478,510,1;q,-2047,1995,-1844,1107;T,1,352,384,368,384,352,446,368,446,1;q,-1844,1107,-1276,394;T,1,368,384,385,384,368,446,385,446,1;q,-1276,394,-455,0;T,1,385,384,402,384,385,446,402,446,1;q,-455,0,455,0;T,1,402,384,424,384,402,446,424,446,1;q,455,0,1276,394;T,1,424,384,444,384,424,446,444,446,1;q,1276,394,1844,1107;T,1,444,384,462,384,444,446,462,446,1;q,1844,1107,2047,1995;T,1,462,384,478,384,462,446,478,446,1;q,1844,2883,2047,1995;T,1,368,448,352,448,368,510,352,510,1;q,1276,3596,1844,2883;T,1,390,448,368,448,390,510,368,510,1;q,455,3991,1276,3596;T,1,406,448,390,448,406,510,390,510,1;q,-455,3991,455,3991;T,1,424,448,406,448,424,510,406,510,1;q,-1276,3596,-455,3991;T,1,440,448,424,448,440,510,424,510,1;q,-1844,2883,-1276,3596;T,1,458,448,440,448,458,510,440,510,1;q,-2047,1995,-1844,2883;T,1,478,448,458,448,478,510,458,510,1;q,-1844,1107,-2047,1995;T,1,368,384,352,384,368,446,352,446,1;q,-1276,394,-1844,1107;T,1,385,384,368,384,385,446,368,446,1;q,-455,0,-1276,394;T,1,402,384,385,384,402,446,385,446,1;q,455,0,-455,0;T,1,424,384,402,384,424,446,402,446,1;q,1276,394,455,0;T,1,444,384,424,384,444,446,424,446,1;q,1844,1107,1276,394;T,1,462,384,444,384,462,446,444,446,1;q,2047,1995,1844,1107;T,1,478,384,462,384,478,446,462,446,1;
[profile]
q,-2047,1995,-1844,1107;T,1,352,384,369,384,352,446,369,446,1;q,-1844,1107,-1276,394;T,1,369,384,390,384,369,446,390,446,1;q,-1276,394,-455,0;T,1,390,384,407,384,390,446,407,446,1;q,-455,0,455,0;T,1,407,384,424,384,407,446,424,446,1;q,455,0,1276,394;T,1,424,384,444,384,424,446,444,446,1;q,1276,394,1844,1107;T,1,444,384,462,384,444,446,462,446,1;q,1844,1107,2047,1995;T,1,462,384,478,384,462,446,478,446,1;q,-1844,1107,-2047,1995;T,1,369,384,352,384,369,446,352,446,1;q,-1276,394,-1844,1107;T,1,390,384,369,384,390,446,369,446,1;q,-455,0,-1276,394;T,1,407,384,390,384,407,446,390,446,1;q,455,0,-455,0;T,1,424,384,407,384,424,446,407,446,1;q,1276,394,455,0;T,1,444,384,424,384,444,446,424,446,1;q,1844,1107,1276,394;T,1,462,384,444,384,462,446,444,446,1;q,2047,1995,1844,1107;T,1,478,384,462,384,478,446,462,446,1;
[profile]
q,-2047,1995,-1844,1107;T,1,355,387,371,387,355,443,371,443,1;q,-1844,1107,-1276,394;T,1,480,510,480,482,510,510,510,482,1;q,-1276,394,-455,0;T,1,480,482,480,459,510,482,510,459,1;q,-455,0,455,0;T,1,480,459,480,436,510,459,510,436,1;q,455,0,1276,394;T,1,480,436,480,407,510,436,510,407,1;q,1276,394,1844,1107;T,1,480,407,480,384,510,407,510,384,1;q,1844,1107,2047,1995;T,1,459,387,475,387,459,443,475,443,1;q,-1844,1107,-2047,1995;T,1,371,387,355,387,371,443,355,443,1;q,-1276,394,-1844,1107;T,1,480,482,480,510,510,482,510,510,1;q,-455,0,-1276,394;T,1,480,459,480,482,510,459,510,482,1;q,455,0,-455,0;T,1,480,436,480,459,510,436,510,459,1;q,1276,394,455,0;T,1,480,407,480,436,510,407,510,436,1;q,1844,1107,1276,394;T,1,480,384,480,407,510,384,510,407,1;q,2047,1995,1844,1107;T,1,475,387,459,387,475,443,459,443,1;
[profile]
q,-1276,3596,-1844,2883;T,1,439,448,461,448,439,510,461,510,1;q,-1844,2883,-2047,1995;T,1,461,448,478,448,461,510,478,510,1;q,-2047,1995,-1844,1107;T,1,352,384,369,384,352,446,369,446,1;q,-1844,1107,-1276,394;T,1,369,384,386,384,369,446,386,446,1;q,-1276,394,-455,0;T,1,386,384,407,384,386,446,407,446,1;q,-455,0,455,0;T,1,407,384,422,384,407,446,422,446,1;q,455,0,1276,394;T,1,422,384,444,384,422,446,444,446,1;q,1276,394,1844,1107;T,1,444,384,461,384,444,446,461,446,1;q,1844,1107,2047,1995;T,1,461,384,478,384,461,446,478,446,1;q,-1844,2883,-1276,3596;T,1,461,448,439,448,461,510,439,510,1;q,-2047,1995,-1844,2883;T,1,478,448,461,448,478,510,461,510,1;q,-1844,1107,-2047,1995;T,1,369,384,352,384,369,446,352,446,1;q,-1276,394,-1844,1107;T,1,386,384,369,384,386,446,369,446,1;q,-455,0,-1276,394;T,1,407,384,386,384,407,446,386,446,1;q,455,0,-455,0;T,1,422,384,407,384,422,446,407,446,1;q,1276,394,455,0;T,1,444,384,422,384,444,446,422,446,1;q,1844,1107,1276,394;T,1,461,384,444,384,461,446,444,446,1;q,2047,1995,1844,1107;T,1,478,384,461,384,478,446,461,446,1;
[profile]
q,-1844,1107,-1276,394;T,1,352,384,381,384,352,446,381,446,1;q,-1276,394,-455,0;T,1,381,384,404,384,381,446,404,446,1;q,-455,0,455,0;T,1,404,384,426,384,404,446,426,446,1;q,455,0,1276,394;T,1,426,384,454,384,426,446,454,446,1;q,1276,394,1844,1107;T,1,454,384,478,384,454,446,478,446,1;q,-1276,394,-1844,1107;T,1,381,384,352,384,381,446,352,446,1;q,-455,0,-1276,394;T,1,404,384,381,384,404,446,381,446,1;q,455,0,-455,0;T,1,426,384,404,384,426,446,404,446,1;q,1276,394,455,0;T,1,454,384,426,384,454,446,426,446,1;q,1844,1107,1276,394;T,1,478,384,454,384,478,446,454,446,1;
[profile]
q,2047,1995,1844,2883;T,1,510,384,510,401,480,384,480,401,1;q,1844,2883,1276,3596;T,1,510,401,510,422,480,401,480,422,1;q,1276,3596,455,3991;T,1,510,422,510,439,480,422,480,439,1;q,455,3991,-455,3991;T,1,510,439,510,456,480,439,480,456,1;q,-455,3991,-1276,3596;T,1,510,456,510,472,480,456,480,472,1;q,-1276,3596,-1844,2883;T,1,510,472,510,489,480,472,480,489,1;q,-1844,2883,-2047,1995;T,1,510,489,510,510,480,489,480,510,1;q,-2047,1995,-1844,1107;T,1,352,384,368,384,352,446,368,446,1;q,-1844,1107,-1276,394;T,1,368,384,386,384,368,446,386,446,1;q,-1276,394,-455,0;T,1,386,384,402,384,386,446,402,446,1;q,-455,0,455,0;T,1,402,384,424,384,402,446,424,446,1;q,455,0,1276,394;T,1,424,384,444,384,424,446,444,446,1;q,1276,394,1844,1107;T,1,444,384,461,384,444,446,461,446,1;q,1844,1107,2047,1995;T,1,461,384,478,384,461,446,478,446,1;q,1844,2883,2047,1995;T,1,510,401,510,384,480,401,480,384,1;q,1276,3596,1844,2883;T,1,510,422,510,401,480,422,480,401,1;q,455,3991,1276,3596;T,1,510,439,510,422,480,439,480,422,1;q,-455,3991,455,3991;T,1,510,456,510,439,480,456,480,439,1;q,-1276,3596,-455,3991;T,1,510,472,510,456,480,472,480,456,1;q,-1844,2883,-1276,3596;T,1,510,489,510,472,480,489,480,472,1;q,-2047,1995,-1844,2883;T,1,510,510,510,489,480,510,480,489,1;q,-1844,1107,-2047,1995;T,1,368,384,352,384,368,446,352,446,1;q,-1276,394,-1844,1107;T,1,386,384,368,384,386,446,368,446,1;q,-455,0,-1276,394;T,1,402,384,386,384,402,446,386,446,1;q,455,0,-455,0;T,1,424,384,402,384,424,446,402,446,1;q,1276,394,455,0;T,1,444,384,424,384,444,446,424,446,1;q,1844,1107,1276,394;T,1,461,384,444,384,461,446,444,446,1;q,2047,1995,1844,1107;T,1,478,384,461,384,478,446,461,446,1;
[profile]
q,-1844,2883,-2047,1995;T,1,510,110,510,126,496,110,496,126,1;q,-1276,3596,-1844,2883;T,1,510,88,510,110,496,88,496,110,1;q,-455,3991,-1276,3596;T,1,510,72,510,88,496,72,496,88,1;q,455,3991,-455,3991;T,1,510,54,510,72,496,54,496,72,1;q,1276,3596,455,3991;T,1,510,38,510,54,496,38,496,54,1;q,1844,2883,1276,3596;T,1,510,20,510,38,496,20,496,38,1;q,2047,1995,1844,2883;T,1,510,1,510,20,496,1,496,20,1;q,1844,1107,2047,1995;T,1,494,110,494,126,480,110,480,126,1;q,1276,394,1844,1107;T,1,494,93,494,110,480,93,480,110,1;q,455,0,1276,394;T,1,494,76,494,93,480,76,480,93,1;q,-455,0,455,0;T,1,494,54,494,76,480,54,480,76,1;q,-1276,394,-455,0;T,1,494,34,494,54,480,34,480,54,1;q,-1844,1107,-1276,394;T,1,494,16,494,34,480,16,480,34,1;q,-2047,1995,-1844,1107;T,1,494,1,494,16,480,1,480,16,1;q,-2047,1995,-1844,2883;T,1,510,126,510,110,496,126,496,110,1;q,-1844,2883,-1276,3596;T,1,510,110,510,88,496,110,496,88,1;q,-1276,3596,-455,3991;T,1,510,88,510,72,496,88,496,72,1;q,-455,3991,455,3991;T,1,510,72,510,54,496,72,496,54,1;q,455,3991,1276,3596;T,1,510,54,510,38,496,54,496,38,1;q,1276,3596,1844,2883;T,1,510,38,510,20,496,38,496,20,1;q,1844,2883,2047,1995;T,1,510,20,510,1,496,20,496,1,1;q,2047,1995,1844,1107;T,1,494,126,494,110,480,126,480,110,1;q,1844,1107,1276,394;T,1,494,110,494,93,480,110,480,93,1;q,1276,394,455,0;T,1,494,93,494,76,480,93,480,76,1;q,455,0,-455,0;T,1,494,76,494,54,480,76,480,54,1;q,-455,0,-1276,394;T,1,494,54,494,34,480,54,480,34,1;q,-1276,394,-1844,1107;T,1,494,34,494,16,480,34,480,16,1;q,-1844,1107,-2047,1995;T,1,494,16,494,1,480,16,480,1,1;
[handles]
-19350,120747,-75421,544,4052,249,3997,-582,675,1000,1000,1,90,90,0;
-14328,120010,-74520,546,4048,294,3973,-591,799,1000,1000,1,90,90,1;
-12189,119682,-73999,545,4046,319,3853,-608,1248,1000,1000,4,90,90,2;
-5801,118632,-71752,516,4041,420,3680,-639,1679,1000,1000,4,90,90,2;
146,117494,-68109,405,4038,551,3165,-671,2511,1000,1000,4,90,90,2;
4364,116462,-63320,143,4046,618,1846,-607,3605,1000,1000,4,90,90,2;
5429,115583,-56048,-169,4075,373,106,-416,4073,1000,1000,4,90,90,2;
4622,114952,-48853,-228,4076,328,-414,-351,4059,1000,1000,4,90,90,2;
4524,114201,-41424,-63,4060,533,663,-479,4013,1000,1000,4,90,90,2;
8475,113217,-35759,497,4062,152,2939,-576,2793,1000,1000,4,90,90,2;
14822,112363,-32757,666,4036,-203,3747,-544,1560,1000,1000,4,90,90,2;
21880,110938,-29229,1025,3960,199,3443,-799,2067,1000,1000,4,90,90,3;
27108,109227,-23671,192,4052,560,2528,-832,3112,1000,1000,4,90,90,3;
31532,108335,-17461,-543,3953,923,2263,-447,3383,1000,1000,4,90,90,3;
36090,106964,-10268,-1851,3092,1946,2111,-735,3431,1000,1000,4,141,90,4;
38279,105456,-6319,-3526,459,2032,1705,-1665,3331,1000,1000,4,141,90,4;
39513,102919,-3370,-3852,-1125,-818,862,-3050,2594,1000,1000,4,141,90,4;
38662,98218,-2704,-3360,2232,-707,-1184,-3920,20,1000,1000,4,141,90,4;
34848,95088,-4852,-1667,3720,-386,-3076,-1949,-1873,1000,1000,4,180,180,1;
29338,93035,-8187,-539,3947,-952,-3378,-1056,-2061,1000,1000,4,180,180,1;
23480,91667,-11756,-388,4024,-655,-3443,-704,-2102,1000,1000,4,90,90,2;
16466,90497,-15976,-412,4064,-294,-3481,-544,-2088,1000,1000,4,90,90,2;
9375,89563,-20122,-694,4021,354,-3519,-447,-2047,1000,1000,4,90,90,2;
2706,88765,-23842,-915,3905,827,-3567,-416,-1968,1000,1000,4,90,90,2;
-3877,87920,-27223,-1056,3809,1070,-3628,-479,-1839,1000,1000,4,90,90,2;
-10778,86684,-30101,-1264,3725,1138,-3735,-672,-1540,1000,1000,4,90,90,2;
-17810,83854,-29925,-684,3402,2175,-3755,-1615,247,1000,1000,4,90,90,3;
-21488,80673,-24136,1360,3443,1752,-1650,-1662,3360,1000,1000,4,90,90,3;
-22519,78121,-16980,2170,3246,1235,-332,-1281,3876,1000,1000,4,90,90,3;
-23184,75199,-8843,2251,3129,1384,-315,-1405,3834,1000,1000,4,67,67,5;
-22752,72877,-1137,1782,3637,609,219,-1151,3924,1000,1000,4,67,67,5;
-20356,70935,5551,2067,3535,82,1295,-991,3757,1000,1000,4,67,67,5;
-14875,68258,7546,720,3276,-2350,3571,-1727,1019,1000,1000,4,67,67,5;
-9731,66495,5779,-16,3159,-2606,3577,-1153,-1627,1000,1000,4,90,90,3;
-4178,64827,4137,350,2971,-2797,3752,-1151,-1171,1000,1000,4,90,90,3;
1307,63689,3572,205,2943,-2840,4018,-768,-192,1000,1000,4,90,90,3;
6578,62422,1663,-1056,3253,-2253,3826,-864,-1179,1000,1000,4,67,67,5;
8237,61271,-2547,-1629,3602,-1069,1354,-991,-3736,1000,1000,4,67,67,5;
7989,59946,-8578,-1135,3888,-606,40,-816,-4013,1000,1000,4,67,67,5;
4208,58570,-12585,-990,3950,435,-2589,-1007,-3009,1000,1000,4,67,67,5;
-2846,57337,-14026,-626,4043,-179,-3999,-655,-591,1000,1000,4,90,90,2;
-10049,55952,-16462,-178,3939,-1105,-3916,-687,-981,1000,1000,4,90,90,2;
-13964,54350,-22524,1226,3717,-1206,-2360,-799,-3250,1000,1000,4,90,90,2;
-12282,52361,-28126,2154,3472,273,734,-1280,-3820,1000,1000,4,90,90,2;
-5574,50222,-31621,1139,3448,1893,3397,-1119,-1995,1000,1000,4,90,90,2;
2327,48371,-32020,786,3623,1739,3976,-959,-215,1000,1000,4,180,180,1;
10666,46771,-31826,559,3863,1238,4009,-832,96,1000,1000,4,180,180,1;
17989,46224,-31689,-260,4050,547,4051,-591,95,1000,1000,4,90,90,2;
25783,48682,-31765,-2311,3378,151,3983,951,-71,1000,1000,4,90,90,2;
28764,53272,-31351,-4092,14,159,2919,2863,231,1000,1000,4,90,90,2;
23290,58231,-30700,-169,-4092,49,-2556,3184,320,1000,1000,4,90,90,2;
18340,54393,-30097,4047,-447,-436,-3690,-1737,368,1000,1000,4,90,90,2;
20784,48540,-29534,2036,3225,-1492,719,-4005,463,1000,1000,4,90,90,2;
27601,46276,-29950,963,3857,-986,3764,-1601,-204,1000,1000,4,90,90,2;
35025,44304,-30190,803,3718,-1518,3930,-1136,-192,1000,1000,4,90,90,2;
43065,42929,-29769,577,3504,-2040,4024,-670,363,1000,1000,4,90,90,2;
49759,40828,-32141,-53,3485,-2151,3883,-1008,-824,1000,1000,4,90,90,2;
52808,38390,-36973,-760,3595,-1809,2720,-1552,-2640,1000,1000,4,90,90,2;
51820,36280,-43794,-1060,3953,155,215,-1295,-3879,1000,1000,4,67,67,5;
46399,35141,-47045,-1439,3812,410,-2913,-840,-2753,1000,1000,4,67,67,5;
41300,33527,-48812,-1341,3854,344,-3695,-1055,-1415,1000,1000,4,67,67,5;
36926,32000,-51609,-1396,3843,-233,-3553,-1152,-1680,1000,1000,4,67,67,5;
34768,30504,-56738,-785,3940,-796,-2282,-1141,-3203,1000,1000,4,67,67,5;
36009,29577,-62655,-589,3988,-722,96,-788,-4018,1000,1000,4,90,90,2;
37675,28554,-69648,-370,4016,-714,1015,-563,-3927,1000,1000,4,90,90,2;
36823,27013,-76875,-931,3932,-667,135,-742,-4025,1000,1000,4,90,90,2;
33302,25539,-81071,-1284,3889,12,-1542,-995,-3661,1000,1000,4,90,90,2;
26546,23959,-83018,-579,3860,1238,-3458,-1000,-1953,1000,1000,4,180,180,6;
18456,22804,-81333,-237,3877,1299,-4032,-716,48,1000,1000,1,180,180,7;
10952,21402,-80456,-1010,3770,1238,-3992,-656,640,1000,1000,1,180,180,7;
[mbacs]
city_level;
skybox;
boost;
ring;
crab;
heart;
star;
[thing]
C,deco;
t,0,0,0;
r,0,0,0;
s,4096,4096,4096;
B,0;
[thing]
C,deco;
t,0,0,0;
r,0,0,0;
s,4096,4096,4096;
B,1;
[thing]
C,boost;
B,2;

p,0.675625,-178,195;
[thing]
C,ring;
B,3;


p,0.0374252,240,202;
[thing]
C,ring;
B,3;

p,0.04116,98,118;
[thing]
C,ring;
B,3;

p,0.0447559,-11,118;
[thing]
C,ring;
B,3;

p,0.0483106,-115,147;
[thing]
C,ring;
B,3;

p,0.0516844,-224,200;
[thing]
C,ring;
B,3;

p,0.0973918,4,126;
[thing]
C,ring;
B,3;

p,0.101377,5,132;
[thing]
C,ring;
B,3;

p,0.10509,7,136;
[thing]
C,ring;
B,3;

p,0.108765,5,122;
[thing]
C,ring;
B,3;

p,0.112593,7,100;
[thing]
C,ring;
B,3;

p,0.284972,271,193;
[thing]
C,ring;
B,3;

p,0.289315,212,171;
[thing]
C,ring;
B,3;

p,0.29366,107,116;
[thing]
C,ring;
B,3;

p,0.298063,-8,118;
[thing]
C,ring;
B,3;

p,0.302392,-212,165;
[thing]
C,ring;
B,3;

p,0.306624,-297,209;
[thing]
C,ring;
B,3;

p,0.310768,-207,176;
[thing]
C,ring;
B,3;

p,0.314822,-118,125;
[thing]
C,ring;
B,3;

p,0.318821,83,103;
[thing]
C,ring;
B,3;

p,0.322801,267,193;
[thing]
C,ring;
B,3;

p,0.402802,-170,154;
[thing]
C,ring;
B,3;

p,0.407249,-174,148;
[thing]
C,ring;
B,3;

p,0.411889,-156,175;
[thing]
C,ring;
B,3;

p,0.416552,-167,161;
[thing]
C,ring;
B,3;

p,0.421073,-167,143;
[thing]
C,ring;
B,3;

p,0.450211,2,121;
[thing]
C,ring;
B,3;

p,0.453718,16,120;
[thing]
C,ring;
B,3;

p,0.45698,-47,111;
[thing]
C,ring;
B,3;

p,0.489157,300,254;
[thing]
C,ring;
B,3;

p,0.492145,304,271;
[thing]
C,ring;
B,3;

p,0.495134,303,269;
[thing]
C,ring;
B,3;

p,0.498103,310,261;
[thing]
C,ring;
B,3;

p,0.485841,323,271;
[thing]
C,ring;
B,3;

p,0.548174,-203,167;
[thing]
C,ring;
B,3;

p,0.551387,-137,124;
[thing]
C,ring;
B,3;

p,0.554878,-15,105;
[thing]
C,ring;
B,3;

p,0.558732,100,117;
[thing]
C,ring;
B,3;

p,0.562795,207,172;
[thing]
C,ring;
B,3;

p,0.633226,300,196;
[thing]
C,ring;
B,3;

p,0.63749,193,167;
[thing]
C,ring;
B,3;

p,0.641845,111,98;
[thing]
C,ring;
B,3;

p,0.646187,36,129;
[thing]
C,ring;
B,3;

p,0.650659,-55,125;
[thing]
C,ring;
B,3;

p,0.792912,-227,162;
[thing]
C,ring;
B,3;

p,0.79504,-194,170;
[thing]
C,ring;
B,3;

p,0.797204,-205,135;
[thing]
C,ring;
B,3;

p,0.799311,-177,150;
[thing]
C,ring;
B,3;

p,0.801386,-215,160;
[thing]
C,ring;
B,3;

p,0.833995,-336,323;
[thing]
C,ring;
B,3;

p,0.838092,-247,236;
[thing]
C,ring;
B,3;

p,0.842175,-192,174;
[thing]
C,ring;
B,3;

p,0.845785,-162,146;
[thing]
C,ring;
B,3;

p,0.849084,-113,121;
[thing]
C,ring;
B,3;

p,0.852458,-30,131;
[thing]
C,ring;
B,3;

p,0.855996,-28,122;
[thing]
C,ring;
B,3;

p,0.859334,-28,115;
[thing]
C,ring;
B,3;

p,0.862417,-24,112;
[thing]
C,ring;
B,3;

p,0.865379,-22,113;
[thing]
C,ring;
B,3;

p,0.897934,221,180;
[thing]
C,ring;
B,3;

p,0.901108,205,179;
[thing]
C,ring;
B,3;

p,0.904431,201,173;
[thing]
C,ring;
B,3;

p,0.907861,212,181;
[thing]
C,ring;
B,3;

p,0.911526,212,188;
[thing]
C,ring;
B,3;

p,0.958349,-17,88;
[thing]
C,ring;
B,3;

p,0.962347,1,126;
[thing]
C,ring;
B,3;

p,0.966355,-14,141;
[thing]
C,crab;
B,4;

p,0.058741,32,53;
[thing]
C,crab;
B,4;

p,0.131275,116,89;
[thing]
C,crab;
B,4;

p,0.330831,192,112;
[thing]
C,crab;
B,4;

p,0.507157,315,198;
[thing]
C,crab;
B,4;

p,0.597216,213,213;
[thing]
C,crab;
B,4;

p,0.79077,156,139;
[thing]
C,crab;
B,4;

p,0.871358,-43,51;
[thing]
C,heart;
B,5;

p,0.212947,317,333;
[thing]
C,ring;
B,3;

p,0.448205,-10,163;
[thing]
C,ring;
B,3;

p,0.460482,-60,125;
[thing]
C,ring;
B,3;

p,0.954518,-10,116;
[thing]
C,ring;
B,3;

p,0.950976,-9,152;
[thing]
C,star;
B,6;

p,0.571071,-175,188;
[thing]
C,crab;
B,4;

p,0.589339,-112,89;
